I'm sorry, but errors were detected in your script. Please correct the
errors listed below, and try again.


File "game/script.rpy", line 409: Line is indented, but the preceding play music statement statement does not expect a block. Please check this line's indentation. You may have forgotten a colon (:).
    show sasha_sad at left:
    ^

Ren'Py Version: Ren'Py 8.5.3.26051504
Mon Oct  5 00:08:34 2026
